// Jest Snapshot v1, https://goo.gl/fbAQLP

exports[`snapshot of initial state 1`] = `
<body>
  <div>
    <div>
      <div
        class="MuiGrid-root vault MuiGrid-container MuiGrid-spacing-xs-3"
      >
        <div
          class="MuiGrid-root MuiGrid-item MuiGrid-grid-xs-2"
        >
          <img
            alt="coin logo"
            src="data:image/png;base64,iVBORw0KGgoAAAANSUhEUgAAADIAAAAsCAYAAAAn4+taAAAABGdBTUEAALGPC/xhBQAAACBjSFJNAAB6JgAAgIQAAPoAAACA6AAAdTAAAOpgAAA6mAAAF3CculE8AAAFsklEQVR42tWZe1CUVRTAv92zzdD4yDBHwtCYmmEYrUythpmMtLSpaEYrayxn+tM/asp/mOwx5cBBiUYUDZ9kvjBkD6AJCspLRMmgMh6FgBCSIqjIw0RIOs257DYI++1+u7iynJkzu7N777nn99177jn3fprmQoAwBAgbgJBHSGXsEG24AoSRQPjvCILI2JHDhQgEwl9HEMKu4kPgcECWA+EtHwARH5Z7BmHFiUBY7AMQdhVfJnoyG0uB8KYPgYgvS92FGAeER/SMmglZs0Z5Rc3OYcSnce6ARABhlyNjJms0T8tK4M8qCxh/P8HRd0jF1ueVBRx8eKMaQwdEfIowGht+QJiq91Q0azSH5e/ga73dfKelo/cmP1ewS82Mk1kR3/yMzEY4ELb5MIj4Fu4UwkwxFiBMchZ0PgAimmQmtDibjTlA2DwKQMTHOQ4hTBRjAsJ4V9uggDx5bBuXtl3kmq6rfLbzym1a3XmF67rauKfv1hBHe/tu8bnrbarN4H5nu67yz23N/FRukhrDwHYcf096tMnRbIQaLQ7vTV/DQZkJPC1rwxANykrg2bnbuf76tSEgjX+389N536o2en3FthvFZKgjkC/dSVCyRTpSWRYBh+LVEx4sMhsPZa5XbfT6u5kkVw2GmAaEVZ5kXDPZAewaxZMFpNMxyBQbiL299BUbHmZ78fnhgSAfGS3VZVD7Gh6bEauefkh2Is/K3c7PF+7mBUV7+d3TGXzhRucQkObuLn7vp4O8sCiZ5xXuVn1CsjcpG2LLHoNugInPK/oh0nAKEJ42AiCfsjTE4SUlpBx+o8TKL5/Yp3abWce2c2j2JrWrNejEyNyCnRyas1nFUXjhLn61+Htla9npDH6rhBSgjDFwTBcqvk+xz0aPcwjkST+s5RVncnhleR7PP76Hp2Yl8JiMWLbY4mXg0pInXOMiRgYuLYttdqX0eeH4Hl5ZkafGkjHNrkF61KwAYZmRwP60Ip8rO1o5+PAG1vavYpNOgSdPMTBzHdfqgMjO5CiozWqcKGVb6i0ZS8Y0uAGUCcgHQHjJFUhEcYoyntpUxYtOpqoZ8Utf8/9ONVDlSRa0/skXu7tu06LLjWq2BrcXG2JLbIptGaOq4zK/VpxiBKQFCD/UNIo2A+E7rmBEp+dsVhVq5sUazm2p55TzVfxV9Ul+/5cj/PqpVBUnkiylnXx/8fheFfwLipLVp8SE/Dfz2DYVK4tPpaq+YkNs5bU0cFZzLX9RWcgzcrYYmQmBWGZJizL311jW1ZLVlwDhX0Zyx30H4vixo1v5zRKriplv6kqVI4ebaznn0jnOb2ngivYWNYPl7S1K5XtFRyvntzaoNkea63h/UxUn1pXyJxX5KuAfP7pV2TaYUy4A4dvmtDWmQQVjvMAsAsJG1zsY3rak5De/9NXKCVk6UmY0XG8fEiPnb3RwWP53qs2EA3GqDww4pPXnFEPbbhMQLjanoslZ4fgKENZ7lhz780CATkKUskWCXTPusF5pEmH0hLgQCGs9zfQPHlrncPsVEKmpPChF7FoHhC+5e26fB4R/+BBINRDO9/Re61kgrPQBEKmp5g73tvEZd24bvQByBgjDtDshQDgbCEtHAKRM9yQ4DJgngLDkLoL8CIQzNW8IUMx0ICy6CyByPTpD86bY3pfkeRGkwOER1kswjwBhjh5IoOcgR4HwUe1uihwxgfCQo+wupUrkb7kcV31KFYSi8v3j8jz2P/i1XlbPAsJgbSQECIOAMN3RMdmNywXpe8BCOFUbSbG91drv4es56WNVR1VfECCcDIR7gLDPDQhpmwyEAZovCRA+AIQ7DL6qkzY7gXCS5osCFOMPhFuA8B8XENuA0F/zZQHCCUC4EQh7HUDIb4lAeL82GgQIxwPh2kHXTD22S/Lx2mgSsMaMAcLVQNhte5EZC4RjtdEo4jgQrgPC9ZY070L8Bymif1LGXPNpAAAAAElFTkSuQmCC"
          />
        </div>
        <div
          class="MuiGrid-root MuiGrid-item MuiGrid-grid-xs-4"
        >
          USDT
        </div>
        <div
          class="MuiGrid-root MuiGrid-item MuiGrid-grid-xs-3"
        />
        <div
          class="MuiGrid-root MuiGrid-item MuiGrid-grid-xs-3"
        >
          <button
            aria-label="deposit"
            class="MuiButtonBase-root MuiIconButton-root iconButton"
            tabindex="0"
            type="button"
          >
            <span
              class="MuiIconButton-label"
            >
              <svg
                aria-hidden="true"
                class="MuiSvgIcon-root"
                focusable="false"
                viewBox="0 0 24 24"
              >
                <path
                  d="M21 18v1c0 1.1-.9 2-2 2H5c-1.11 0-2-.9-2-2V5c0-1.1.89-2 2-2h14c1.1 0 2 .9 2 2v1h-9c-1.11 0-2 .9-2 2v8c0 1.1.89 2 2 2h9zm-9-2h10V8H12v8zm4-2.5c-.83 0-1.5-.67-1.5-1.5s.67-1.5 1.5-1.5 1.5.67 1.5 1.5-.67 1.5-1.5 1.5z"
                />
              </svg>
            </span>
            <span
              class="MuiTouchRipple-root"
            />
          </button>
        </div>
      </div>
      <hr
        class="MuiDivider-root"
      />
    </div>
    <div>
      <div
        class="MuiGrid-root vault MuiGrid-container MuiGrid-spacing-xs-3"
      >
        <div
          class="MuiGrid-root MuiGrid-item MuiGrid-grid-xs-2"
        >
          <img
            alt="coin logo"
            src="data:image/png;base64,iVBORw0KGgoAAAANSUhEUgAAADIAAAAyCAYAAAAeP4ixAAAABGdBTUEAALGPC/xhBQAAACBjSFJNAAB6JgAAgIQAAPoAAACA6AAAdTAAAOpgAAA6mAAAF3CculE8AAAThUlEQVR42s1aB1RUWbaVtu3p/n/WzJ+e9WfND0ttFQkWSVIhUIEgOQiIAQwECYKKIKCIYE4YAAOtiChKMmOgTYiiYkIbFESUJCi58qvgjLL/urcQwcY00zN/aq27ql7xqHf3O+fss+++b9iwf+ALwPC+96/efh70d6VUo1cp++a1UvbtsH+V17LIyG/dbV1/sGFPtrO3co6w57huduS5H2QbcPfZWboemuLkl+3l7L/R3ydwwTQ3P95Ux6n/vWP9um/+JSYf4Ov7jQvfdaLdJKdEU5b1edY4dov2aDPl+FGm0BptBu3RbOiMsYDuGAuwxllCfzwXBlq8XiNtHmM6weYpx8T+FN/cLsyZ4zB2W/Ky4f90AOGzgv5tsqWjqynL+siEseZdWiPNwNK0go2VJwL8F2BV4ibs2X0AhXknUXTiHE4eO4u8Q8eQsWM/khM2I8BvIeysvGGkzYfOD+w3eprsZgsDboadhZ1ZTGjI14PSTyXV+PtzXCXVgEr61dvjDbFxw505Thy2PrdI9wdzufZoc9hZT0Hi0nX46dxlNDY0o7tbgM6OLjQ3PkdtzRM8rKzGo6oaPKl9iufNreju6kFPjxBP6+px6tg5xCxKAsfcFVqjzMAaa97N1ufucrJyGD9gDsN7FbLhvwoY8u7r7PNHS0NuMmscu4ukjbPdNOzZnY36Zw3o6RHgUVU1jhaewqYNaYhZlIh5AYswxy8c/jNCMGtGKOb6z0dY8GLExyQjdWsGfjp3CU2NzyESSVD9sBab1qVRQCQtDTQt6mzNHYJD/WZTEuhVyDR+lVRy4bnqmEywPqs1yvS1uaE9Nq9PR2NjE9rbO1B89iJWJm7AXL9w+HrNhf/0EMwPiUFC3CqsX70VWzbtRMrGHVizMgXx0ckIDVyMmVODMd07EAvC4rB7x37cu/MzREIJjd6SqCQYaFlD9wdzpYUBd7ennduffhUQtmw7i4nalpXjR5nB230url25AaFAhEsXS+ndJRMid5ykV97hY7h7+z6am1rQ090DiVgCqVQGqVQKsUiMrs5u1D9rwvWyW8jaewhLolYgwD8SkSFxSN+6hwIRicQ4kn8KfEsPEp1eYx3LIleey+i/C4SVsbUFa5x5DamFyNA4NNQ30jrYmrILfr7zMHtGGFI2pOPWzTs09xUKBR1yuRxyhgHz3pAzcijkciiV6nPaXrbj0oVSrElOQXhQDGIWJOFofhGtIRIlb/c5GD/SFOZ63KsuXMe/DcxUl+lGxrqcGkKh8dGr0NbWgXt3HyB60XL4egViWewqlF0rpzn+dvLMEJP/2CD/Q/63s7Mb585cxLIlazA/KA5pW/bgeXMLJQh/31BojTSFsa7laW8Hzz+Tub1RSTXeDCChD74Cpwf8j+VE+yv6mhzELEykLEQueOhgAU2jXTv3obXlBf3uSyf/IUBkkIlv27Qb0RGJKL9+B399/VfUPanHVI8AaI0yhRnLare/h9e3b8H8YuKE3noVshHk8/KFC0bw2U7pBuO5CPRfRCdc/fAxnjx+iu6ubpTfvAOBQPAZEZD3jb7PnxExhUKOly/acP9eJa2rh5U1lLLvV1TBztoLOqNNlZZGnHlv5/1GJf26H1BfmL6DkqFczTW19WSNs5Dac7zxoKIKDfVNSFq6AetWbqXpRfL74xOSgRF1gRG0g5GI1MfibjBCctzzWdFRKpV4XF2L+MUrsT0lA93dPSg6XgzjCTbQ12TXO3Od9GgAlNLf9Cql/zEQCO2mQdMC/2TC4t0gkiJrz2EIeoRI27YX84PjkH/4BCQSCeTyT6SKqBM959aiOzcUwqpiyGViCErS0XM4BMK7BZ8VGTURtGHT2lTMm7MIBbknIBZJkLRsIyaMtYSFAS9rbeyiEQC+7lVKf0eBvFa+65pOXI8IAy3u6zkzI9HR3oXjR08jePYipKX8SO8KuVMfrws5GMFLCA4FQ7CdA8GtQ5BLRRCeiINomxWEJelg5J9XN+Q6pGaiIpchIngJzQ6S3k786TDS5orcbafwB9eHSvpb8j57ysw/WhjY3TLTm4yfzl6mvWBBeDzt0ITfVSplP70OZimS/4q+oQQj7IAgNwSCVB6Et3OhYCQQnlwK0XYORFd2Qi7/fIIg1yk+e4FS/dqVWyAQCLFjeyYRnuCaOGZnbVk//BcSxJnj4W2oxVPNnbmQ6qVjBacRMncxDmTlQSaT9VPlL8B0t0LW+kg9XtRA1ngXgoNzIEzjQ3BpK5j6cggL5kOUyoXw/HowXc2QSwTqFP0EKHJOT7cAq5M3UzVQerkMdU+eYTLXBya6/BdT7LxZg6JyuzhnONfUMcdQm4+c7CNob+tE0rINWBqzGg3PmgYV+EBA5HtJxWH0ZE2FYK83BJk+EGR6Q7jTHqJ0Gwh3OUKQ4fbuOMMFgoOzITgRC1F5Dpj2Z59MNXKdq6XXMZNEZVUKjUpi/HoQVnW09ogd3PycfP7XlGVTZ2vphSePn6HsajkiguORnZmn7sbvNbx+MEoFpPezIclxgzjDHqI0HkTpfDppOtL46kik8iAiI+3t4EKQbgtBbihkjRUfJQByLdLHSAMOmBWBmke1KD5zCUY6fPBMHS6mL4/7rh+IM8fD0VCLqwwJiKE6KjMjB5Eh8bhdXgGVSjVEXbwDw7ysguzxacjuH4TwsP8gIMKCCIhKd0B4eTuEp5MgPDALwnS7d39P5UFwYqmarpkPg1HIFTicUwhfrwAcO3KKyiRbqymYqGXZ6u/sOa4fiIO15zKD8TykbtmD7s4erErYhMS4dXjR2tbPVAPHYDBKKJQqmmbSOxmQ7HOAaKcNrRHxzWzIyflyBnKpGEzbEwhPr4BwQMRISspaqz9aL+Qad+/cp8p6w7rttG7mzYmCzijTV06TbF3eGgQaPFOnbCMdW5w+eZ4ueBZHJFI1Srrr+yDejw6VF7RelGDuH4As3wPSgy4Q7bSDiAAZGEWFEtK6axDsdu6LCp/WkKzp3keBkN9oed6KiLBYREUuRUdbJ9av3k41mL25zRIKZPXi6G8nGdqfZxs5Ugl+59Z9RAbHIS/n6JDRGJqC1UUp6wPCFHiq6+ZuDuSEkvskCgXy8CyEOx0gJilIIrJ/Bpi2uk82SpLySQnrETQ7Es+eNuDg/nxojzYD34SfToGETg/4A9vA7i6X7Ynax09x+cJVzA+Kxdmi87/oHR+PDAPJ3SxI89wpEBkZDw5AKekGI2iDrP0pJFVnIDwUqK6jHXwIdk6GqHQX7f6f6ilkXbN10w6aXpUPHuJM0XnojrUA15hfADQNH8aeYPa9gaZVhR3HBw31z3G26AIigmIpoIGF/mlADITXMiDOdACT50nBSIuCILkQB+GpBRBkz4Bgp6OayfpqRHA0CvL2us9ukrvTM2k/uXOrApcvlYGlaQlrI97Ze8cyvhmmO1L7e+2RJhU2llPQ2NCCM6fOUyAll659ERCFUg7BtV0QpvMg3jMZslx3MPmekOW5Q5rnBsl+R4h38Psoug8I6SvHYyBtvPsZ0kWOjJ1ZFMit8nu4UnIdeuOtYGnIPXctZ/s3wzxsHL/XH8eumGTihNraZzh/roSmFnFFvgQIbY539kKcOZmmjXi3PSQXloN5WABZVR5k9/dDWrIOgoN+EKbb9tE0n/aXntxQMB0NH60TmYxB2tbdVK5U3KvET8UlmDBuEvhmtkXiR2dGDIsKDP7tRG3Lq8YsG7oOKC25jrCAGBwrPA3llwK5l6mOQLYzhDtsIC4/QH+DkAb5u1IuhbydUPDyd02TMNcOe4grT380xcRiMe3sxOSoralDYf4J6PxgDq4xbx8t9pvHs782Y3GOECfwwk8luF9RiTkz52NX2j4azi8G8pa1DrpAfPtg/+qv/1zVX8A8vw3RAS+Id/Q1RtJzbuz/4GKNfE8cm5hFy6lD86LlJdK37aH0a2tms6q/IdqYO24jBhlxB5ubWhEatBixi1dQafApCh4MZF8/EBmpj6p8dUMcoASUqleQt9yB5OgMGjnRTls1kFs5H4wI+b/q6loqUVYkrENPtxDRkSugPcr0jYOFrd8A38p9rvYos96oyATqYKxcsZGaaz8/ePhZQGjakM5+98fBQB4WqidOWI1MSCqEvO0RJKWrKD3T83JcIfzRGZKaSx9sikqFAmdPX8A070BkZR5CW1snPJz8wRpjKnDj2E3sB+LOc9VjjWV3OvB90NLcivy841TX5B46Qu2boSS8mqmUUAhbIasqhOx+FiRnw8AUeLzrIyVJYKryIas8DEl5Bq0N4f7pkBxwpeeoAXtAXBwDeU/LB/UWqY9N61OpAiaewe3ye5g4gQ9jHYuKMF/fP/QDme/n/52xjtUFPU0rqixrqp8gcHYkYqOTqPc0UI4MBqIC03QDksJp6kj0RaN/kgUe6sjke/SRgBPEO20oDUv3OdDvJGciwDy/RZX0UDVCrvPo4WMEzVmAmKhEdLR3YvuWDFofPBP+rncLq1cKDbXpYBczfqQZtX+I5t+8IQ3TfYKoJfpLofgOiKSmCOIj0yA9MhWyI770nSmYogZS6AVpoTdkhVPod7JCb0hyfSDc7wNBbhjENzOg6KiFUiEfUvaoaVeGPRkHaIbk5x6jN3aKy2zojjZlHC1sHfqBvFGqbSAnjpOW3jiL5kkTHen6+Pate5g9MxRx0UlobXk59HqEXLirHkxDGeQN1yBvLANTVwxp0TwaCcnNrZDWFUNcvBCyfHdIr66B/PltyNtqIBe0QU5XngpqAw0le8jnyp8fInjuQkSGx6KpqRnHj56hey2mOpOuBXl6/L4fyGul2ukG2jTY+txUYlESH1coEGL71l30ThzIyqV3ZiiXkNaJUqUeqldQSjogLV5EgTA1RVApJBCXJEGW5wppxT51byLnKpQfvDmUQBQK6h+vX7uNFjlx+kla+U0NIWz12taUN++DDqMd206PNc6ixczADmWl5aire4aIsCV0S6D0yvUhi3Hw3VRCKX4JKY2AB5jqk1AyYohLVqiB3MuktfAhBT0QDDkm+ydz/CKQnLiB2qrEPyBC0WyC5e25HlP+86N2qYUBd4XWKNNe/+nhePmyHRfOl1DFuSQqEa2tL+jEP+ThqoG0Q3wxAeLjsyCrPQulXAzhtY0QH5sJ8c85lKaHYsCBv/VKpcLj6ieIXZhMfQOyvCVODtkRY40xV7hyHGZ+0ved4erzZ2NdqzKtH8yxfs12mmKkyE6dOEdpsKOj86OGtEIuA9P1FEx7NeTidigUDJjuBvWxsPWTSwKymOvq7KLXPZJ3EjfKbtHj8OBYuqtlbcjJXh8d+d1nOfFufDe+vqZFm4E2BznZBfTHGRmDa6U3kLB0Da6W3qAi7n2G+UXdKJRDHw8xiECVSKQoOllMU6mmupb+nkgkwobVqSAOD1ufV+E72WXsJwEQM5ssfclnayNewIQx5jJSL0cLTtGJHik4Cb/pIVQqEGf+5cu2j+b550kbIihV1BDM2puLBSHx1Bi8fr0cYrEU2zZnwHiCHcxZNi2eNq78z4rEG6Xsq16llO59r42OGWFhwFmiPdqUIWAOHSig4SZ7f+EhMZjmFYBlcatw6eKV/m2HtwsssrZ4n1Lfn7yqTxW3vezAT2cuIWnpRoQHLcG6VdtR9fMjatFuWJNKd4tNdDkCL1uPGV+0wdOrlGn0KmTU1PZ1dB7B1reO1R1jzhhqc7F5XRra29pR+7gOKRvTMWt6CF3oJMSvxrEjRTQdyARIGqrT5RVevXoFFRkqFVRKFY0YOYd062MFZ7A6MQURwXFYsjAZeYePU3Owsb4JsVGrYKDNh5HWpDYPntOs9srir74MiIIC6fdUl0dGjOCY2ASzxlq064xmY65fJMpv3IVAIKJ7gWtXp1CBSSJEZE1C/BrsSs+kaXi++DKuXrmOG2W3ceXydbo1kPXjIaxN3oqoiOV0ARcftRL79+ZSv4DsHxKJ5OMWSJ1ESwObWg++s9Ov9oBAWdEhDVu2HW+i9qSbWiNNe9lGDlidnELvqqBHgMoHj3Bgfx4S4lZTTTRjahBtpL7eAVTmzJkRjrCAaLqttiBkGZZGr0Zqyo84d/oimhqa6ZYBMQNjF62EuYEjDLW4f+EY2ZyYZu/K+oc88eBu4/Jfloa8dXrjLNoJFXLMXJAQv5be7bYXHTRliFVz4/ptFJ08h8MHC6nszs48jKP5J1FysQyVD6rpwkgkFFPpQ8BERybBysSNRsFCz6be2cpxYejUqb/79Z/yUUmHoy/d4sNCvnLhu5paGvH3scax24mkITTt4eiP5fFrkZtzlHL/45o6NDe2oPX5S7Q8f0FtzkdVj1FacgMHswroBqubgz+MJ9jCcDz3jYWeTZOTlVPKTGcPTXRe0/iHRAIKmQbkskHFlrAo8msnrrM+18Q22VTX+hZrDFtMNizJVrahNgeTjB1pJ3bg+cCB6wP+JHeQhw30x1vTXScDTc4bE11uF9fE/oqzlWPUHDevsReyU78a9s989Splv3mjfPdYRfjMub/3svdiu/I9o6yNbfdO1LEs1tM0r9DXNH/GGmPaxBpr1mSgaVY3UYtdYWnAucAz5qW7WDkF+tg5661aEPLv/2+PN/UqZV+/Vg79fEhbfa1Gwvzwb70nu3w/3cV9tJOF9Vg3a/7YWa6uI8N8pnyfsyXpu9fNV3/11Pk/coQg3q7xWZcAAAAASUVORK5CYII="
          />
        </div>
        <div
          class="MuiGrid-root MuiGrid-item MuiGrid-grid-xs-4"
        >
          wBTC
        </div>
        <div
          class="MuiGrid-root MuiGrid-item MuiGrid-grid-xs-3"
        />
        <div
          class="MuiGrid-root MuiGrid-item MuiGrid-grid-xs-3"
        >
          <button
            aria-label="deposit"
            class="MuiButtonBase-root MuiIconButton-root iconButton"
            tabindex="0"
            type="button"
          >
            <span
              class="MuiIconButton-label"
            >
              <svg
                aria-hidden="true"
                class="MuiSvgIcon-root"
                focusable="false"
                viewBox="0 0 24 24"
              >
                <path
                  d="M21 18v1c0 1.1-.9 2-2 2H5c-1.11 0-2-.9-2-2V5c0-1.1.89-2 2-2h14c1.1 0 2 .9 2 2v1h-9c-1.11 0-2 .9-2 2v8c0 1.1.89 2 2 2h9zm-9-2h10V8H12v8zm4-2.5c-.83 0-1.5-.67-1.5-1.5s.67-1.5 1.5-1.5 1.5.67 1.5 1.5-.67 1.5-1.5 1.5z"
                />
              </svg>
            </span>
            <span
              class="MuiTouchRipple-root"
            />
          </button>
        </div>
      </div>
      <hr
        class="MuiDivider-root"
      />
    </div>
    <div>
      <div
        class="MuiGrid-root vault MuiGrid-container MuiGrid-spacing-xs-3"
      >
        <div
          class="MuiGrid-root MuiGrid-item MuiGrid-grid-xs-2"
        >
          <img
            alt="coin logo"
            src="data:image/png;base64,iVBORw0KGgoAAAANSUhEUgAAADIAAAAyCAYAAAAeP4ixAAAABGdBTUEAALGPC/xhBQAAACBjSFJNAAB6JgAAgIQAAPoAAACA6AAAdTAAAOpgAAA6mAAAF3CculE8AAAE0ElEQVR42u3ZW0xcRRgA4KVcgqEXiBFjatSGqDXqg7EmxhsGOQVOCyK1VhFomVnYGSAQtLs01A3l0gAzwMyegUAvSYNBkgpYOLNNazUmJprUh8Y2GmJiUhNvUWpTa6otLWXMWdi40l1ammbZTfZP5mVzHs63M//MP/+x2WIRi1jE4k7E7tbhR+ucB9ZGNUIcPLFqT/vhI7iurzO/0L0iaiFdvd7yFjIyXVlj/AYc7IWoRFAh11Ehz7SSUVVRbSiA2BGA2KooQ3jjqZCECqlayYgfcgUgXh5ts5FJDHOKGGYgxBpnAObrogWxmgjTtBBBINYgALP4aIDYiWFOLwKZAohnRjSCCJlBDPMbPyIExBomRGx1ZM6EIROIkN2BiEUg0wAxe6RCsohh/nGLEGt8CzHPiKyDz5BrqJBHFyJuAlEQ8W6IPPGRlOCIGObVpUIAYucg5lmRgniYGHIyGMIHoaOLQRRA/CjAPHV5d6le00pwTyiEdbLvaT+sIOaLQNhVgDha7tnQiGGeD4Zo6xpTu5reV/Yqjyp43a22lexV2yu6QmEmIeKPLBcijQp5/L9/31SdHlO1kBG1c/ch5ajt9b1kCSAqZ3OD0nSn2lTYqLYWt6oyOw22xDwA8YTlgNQQw7w2B5jwLaH6XQdVZc3/86E0AOIfeQW7VNGbzT5kwLPnAeZauO8Z66mQ33WwceVuG1a1zv2+JVTuuHHZBIP4R25+gyrc2qTe3tGhyh09Vi4dt1d50sKCaKVjSa10bKCxZUjVvDPgS2TrJUIl82IQ/8jZ7FIFW9zqrbL2a2WQ1oUF4nIPplbX9w9CzC8Hm4HbgfjHxk2uP/OL3E3F5Z3hyZVSSFMA4qUAsVMAset3ADKt6a6PNd21MVOrTwzP2eExk7qEN31w9GQcQGwtQLwZIPbLbUJmNd05uVF3oew855rq+v4EiHm63cFWhAEyYV1jS6iQ1bTPm/ZyVn0cQHwDQHwIIHZpCZApTXd1abrTVzhCzB+AmDdCzLLDufWm+4pEIT+jQuaJg58klkGaDDHfAhD/EiA2swjksqa7xjXd9eJzmTXxFdViJcB8O0D8NMS8D2KWHO6y/VlimD8Sw/yLGHI/FfJx63fg6EkHiDUAxH5YALmu6c6vNd1Zlp27M6Xm3X3xEPOXAGITc2UKO2nNynLdQTAxzCvzp/tZKqSrq897jw+E2BMQ8wMlgFzMzW/4VdOdLZruvH9+GWUAxJhV/c7P3O8w3IfhgrZPChVyMKDGmiGG/IIKWcQHjiXvqOxJKt7R+Yr+auMzGeu3xdmrPKkQ8yqrtgKIzc4jrs3lBl/eTuRcGW+eXlA0XqKGHKJCPj0iT8VVVItEiHkOQOzE/DIK3BDGIeZptkgIKuRrxDAv3FAFC/nz3u6P2u1Vnn0AsQtBtufvIeJPRVD3xJtADdlODHP2xhvi6GyIi9XfAEdg55EKeS8R8tMlXHUHAArzVrsEzPPEMH+6BchXEPGHIr3TWHeTTuM5gLge+S1TQ66kwvwgBGQGIN4EsCc6PvpQIR/zt04XQLwA87uj7dPCG1TIiwGQsxDzDbZoCypkIhWye/6L1T8AsQpbtAbrP3Zfc8eHn6Pa3kMlkN5li+Z4r234yVrn/gdtsYhFLGJxJ+Jf6UH/J0oTvGkAAAAASUVORK5CYII="
          />
        </div>
        <div
          class="MuiGrid-root MuiGrid-item MuiGrid-grid-xs-4"
        >
          wETH
        </div>
        <div
          class="MuiGrid-root MuiGrid-item MuiGrid-grid-xs-3"
        />
        <div
          class="MuiGrid-root MuiGrid-item MuiGrid-grid-xs-3"
        >
          <button
            aria-label="deposit"
            class="MuiButtonBase-root MuiIconButton-root iconButton"
            tabindex="0"
            type="button"
          >
            <span
              class="MuiIconButton-label"
            >
              <svg
                aria-hidden="true"
                class="MuiSvgIcon-root"
                focusable="false"
                viewBox="0 0 24 24"
              >
                <path
                  d="M21 18v1c0 1.1-.9 2-2 2H5c-1.11 0-2-.9-2-2V5c0-1.1.89-2 2-2h14c1.1 0 2 .9 2 2v1h-9c-1.11 0-2 .9-2 2v8c0 1.1.89 2 2 2h9zm-9-2h10V8H12v8zm4-2.5c-.83 0-1.5-.67-1.5-1.5s.67-1.5 1.5-1.5 1.5.67 1.5 1.5-.67 1.5-1.5 1.5z"
                />
              </svg>
            </span>
            <span
              class="MuiTouchRipple-root"
            />
          </button>
        </div>
      </div>
      <hr
        class="MuiDivider-root"
      />
    </div>
    <div>
      <div
        class="MuiGrid-root vault MuiGrid-container MuiGrid-spacing-xs-3"
      >
        <div
          class="MuiGrid-root MuiGrid-item MuiGrid-grid-xs-2"
        >
          <img
            alt="coin logo"
            src="data:image/png;base64,iVBORw0KGgoAAAANSUhEUgAAADIAAAAyCAYAAAAeP4ixAAAABGdBTUEAALGPC/xhBQAAACBjSFJNAAB6JgAAgIQAAPoAAACA6AAAdTAAAOpgAAA6mAAAF3CculE8AAAPbElEQVR42r2ae4xc9XXHP+d37zx2Z9/r9Qt77fUD/MA8XIqDDQLKM6EhKQgoLUXQpm0KTSuStrQRRCogJVVqpbRKVNpEIJlGUBJVhAQaxSEooTxiB4xt/MIGGz/Xr/V6d2fmzr33d/rH796ZO7MLCaFlpFnNztzHOb/zPd/zPed3RVX5MC97PDZxLhwUdIkqywW9AJGFanW2oANAHquKMIFyHOGwWrtZjHlNjOy0Ijty3e3DfMiX/FqOjFUlUm1TWCUiv61WL0B1KTAgCAig6t4AKCiNt/sTgxwSka145mXy3vcF3WraC+FH4ogdq3Rb5DLgD1V1DUofIAIgICKIMc6Z9JXewypqEwebP8d45jDCk+LJf3odxdfxvfD/xRFbHTc29n9Trd4tKp9StAtAjDNcRFwgGtant3DGSiYi0uJUGKOxggFB9iI8gWce8Xrb9/6fOhJNVPvU6u0gnwMdAhExgqmvfMYFzfybvXb9e01OkYzXikYWjWI0UkBDRN4Q33vA6217HpGJD+1IPF6dq8pDqnozUBTPOAeMNMOGLP6l/kWaLvXjMoGSlgVQFK3FaC1GVEHkpBT8teS9h02pMPFrOxKMlc804q0FrhNBxBjESLNR0oKkrFdK06rT8KHJf2niAIVY0VqEBhEYGTd5/zHJ+Q9JT3H4AzsSnq6ciTH/DFwtghjPZODQGoWsddJwImOciCTGZxYh85sLbvJZ1ZFeNURrEQihyef+w7Tn76WUPzqVvWaqL2tjwaAYsxa4BjJOWG12QpoDkOaFZA9JIaTNxwkuuZtzBdRqPVpS8DF5D4GcBuHvx5XaPUDpV3IkHqv1ieiDqvoJETC5xIkohhNliGzDIDt1mJvSRhVNrU9+kDqbZQJkdRJRCEAhB76HRpqjXPtze2Lij4Hc+zoSR9ZYo58R5EYxYsTzkoQEPA9Gq/CzfXA6SFayxbgwhkqIGBwZqLoCI9JYdMkQQULLSkLPiRMiTTyI5HwkZ9DIdmgQ3aMTtcve1xENwouAzymUXG3I4EaAoT5n+Lc3w8kyeKYeAo0sHB6DHcdg4yHYO9KITrraaVSSXGqwWRojaYJlHYaeQdrySM5Dg3BQy8Hf2iieNaUjcbnap/AXAnOMl7BTK14McOkQdORh7Yuwd8QdJwJHxuBfXoFNR9DYwn9td9GzNFZbpBEhq4gnUEsgSxqZFGLSKFGou0/Bd6RRiS7mdHB71v76B6tcIsq1rlo3LjApq32BG5dBfzvctx7dMuwcMQIv7IH718PwONy0HHl1Pzy7E6lEztjhCRirpXQJh8aQt0eQ3Secn9qoJ01qwCaM5hvIeRDFeaq12zQIl9bNAgjLQTsqdyraZVIvMiFP/amHPeehn14G4wH8/fPwxctg+QAM9SPbjsIPdqLXLkZvXoH844vok1tgvIbEFtpzMLsLPXsGsrgf9o6gW4aReT0ws6NJZwKIVTQxQzwDxRwaxGgtXkY5/B0p5LYD1k9gsxJltYi4g7OsIo3iVr9JKk1uWgFtOfi7H8Jdq5ArF6I/fAs2HYaJGszrgTvOR/7se/Dm4Xo2KwJtBZjXg96wDCmH8IOd8HvnIkXfMViG4l0RbuSL+gaqoaES3kJ79O8U/GHDOwgq1yMyIEYSqsxkWlZ6ZxAms7tgNIA/OB+uXwJfewmtxXDNIpf0Gw+5JD9vlovY7J7EEc8huhLCjmHkqa1w9SJYPsNRe0q7ZHIrFZjJW3zPmRXEg1hdA2DCacEQqqslTbAsh9NSiTOVWnMG6Ssib59EPnMB8oU1yHO7kE8ugU8ugRf3QTVy+XPdWfDAlY71REnJWBHUCEwvwYFRtFzL0DRgbQNi6RJblyuS8wDt0nLtCkB8YCmwDGlwfioRJkmQFGsJnWhXER5/w61kbxsyXnMstfbjcLICvnHX8QS5YZnLgSe3wMaDyN5TEETo/B4ILax9EXl3FP7yooSik3zPFJRspCTnodUIrYbnCSz0Qc9G6SWlUUh0UYsUsZmSoqCi8PohWPcaPL0Nuoro8unIlQuh4MPMzmRFEwUcK7JlGFk52xGFtVAOkc4ClGvwsbnw8/2w50xY1A+xTXRXmlqJG2m+GIHYorEu0CAa8gWWa9LZTSUxWmElmrBIOYR/2wDTO+HWc+H8mXDuTBipwrajjibn9dRvLL5Bdx1HHn8DGeqFpQPo7E5kRgcs6IM/vRCGxyCIk/tlNFjsotoQo0nyGINYHaBSG/QVzpJmOewM1ZbmKM39NAEPjSFbh+Guj6H3rEasRfedQh/6CdJfQidqyF9dAnO63DU8g1y1CJ7dCbuOoruOOdwbQbraYHYXfHwx3HZeRpxKHWbYbOuQ1C1PUFVPLGcaYHq2KdBWJZvRRk2s9c4IKoLO6nQ5Fau7eBA7yA31op35pCdPVO1Vi+C+y2GoP4GxIFbgVAW2HYF/egm+8By8daI5Nz2ZrLC9xMlqhFqd5aM6O82LSQyV9hCaSbW0UL66H3IGBrvrtMiMTuSr1zpqnd0FJsm1tEj7Bm5Zgc7vRb650THbqQrE1lFyrPCTt+FbG+GBKyDvJ7mpzZiPtSH/3coP+Cj5qbu9KRouSZJsy1H0ezuQJdPRpdPrFxaAgZIzPtY6HNKgCqAFH5nZCfdfDrtPOGd+vMd9DpP8+NFuV2wvmN1Q2Vn1bBKApHVPKRlpbpobDok0Se76ayKEdZtg3wjceo4TkImiVRSNLWKTsVCWRDSDzl3HHPy+vRnm98KXr4YvXwPnJYYfHIP9p1qc0MacAGk0eg7+ahQmEKamKW2p7JGFda/DY79AZnagF5zRmGUlnUvav2j9XJ3c4u4fhb2n4JV98KX18MgGOKMTHr7OKYW8l2HKzHkphNOaZhUxHhg5ZQSOTYJWNhfSyBgDGw7Awy/BeNU1VyOVhtFN/WpCEimkjIBvXNJuPgIbDsKKGbB4GpQDeG4n3P0MvLIf7l7lJEt/W2aoppNnA5FFY+vubfWYD7yDZUitNsOgtaBUQnjqTeRkFTqKcGwCvvozJz3m9ySVWOsFFQEVgZMV5GTFVfpdx2H9brh4Plw2BHtOwsaDjulOltGHXkBihTtXwsI+lzMIKlqXTijgJYohsk7ae2a/j/CWWv0tsQqmeWTjaDz5rhI5yb160DHSo7+Ap7fDiQrcdxmsmtPUp8uB08iWI/DuKHqi7BRuznPQuWiuq/43ne0S/fk9DpRjVfjOVvj0TTBQqsNI6m211CFFbB3U2/M1cma3LyqbEGJV9YTJk826tsoZpKeI7jjWNMuVn+6GtR48dhO0uQ6uXryWz4BzZjqBl/eglHcQs0m+9bfDXaucEjgy5s7Zd8o1ZtM7WqpwZjBuQMLYJb9vDkopv88H3Y7qQawO4hmnRqeYSVHKoxfOge+8CW8caWbqoxNIFCMBsO0o+vJ+5MCou1ZfO7JqDlw4p+FEZiFYM89V84dfhjByK12Jmo9ppV+raKSoCKaY24HITl8K+R1aDrYT66BGFsl7Ge7Sej+ACFy5CFm5Bd2wv+FGfyfyu+fAzuOw7nX0hXeQQ6MQhkmiG5jVA/esgdvOBd/LDLJxRe+Wc+C/34Kth93/3cUGV2cjDKgFiSw6EbhrtflbgWO+KXrDWpWfqsqVWPXqWJRWJlZY0IveudK1s20+XDzPOZHz0M8/C5sPuxN8H1YvQAa7XZ++Yb8jhgV9cPmCpPAlixNbV0t+4wzYesQVwVkdGXxnpvkJA2otdihpz52Qgv9cvWe31n5XVD+rVucSm4aOaSnqatU1TZ15dHoHsnQAuttg3why/+WuIn/3TSh48Pk1bmWPTcA5M+Ebr8KLe2H1oBtgxMnyYlxf0FuEWV0OZh2FjEjMDCFMMnWZSAYYXcVNFPzX6o54bcW9GtTWaxjdqVHsHMlqr6ze6Sqgn1rmJi2RdSs6r8e9L50Pq+bCIz93DDW327W9nzgTXnnXicHxwDloxF3X4DrJnAd/fQlcPK9Bs2l3ZaTR8k7U0CBCuoshbbl1wGjdEdPmBWq9dTaOr9XIzlKJk1ayMS6oS4y0IMXJggqO+1UdZq9f4iLy9Ha3sssG4OwZcPMKeGIzVGPoacY9InDLCpjZ4RxqbQfTqh5bB0vfQFfxJenIvzB5Gh9H+Xi0+iWN9F4R8SXvuWqukxWxZEalms6oLE0rx9EJt9LT2h3tHhh1cuSaxXDjcndiEEHRb+RCfRIpjUhkt+rKNacoSrmTMtR/hxT8Z6bcVrDVcLGWa09oaFeKJ0jeby4sqSO4qYZoMtpJ29mWhWxqiIzAjuOusWrPwZIBOG8mlArNeSAZuRxn8mSiho4HYAQ5o2udTOv4LFB+z/2R+FTlBq1F/0pkByTvYQo5d32bTDESFhFVV8GV5u23FPdxAsfsdFnErehY4CLRVcj0FdrsiGamDxM1dLTiFmNG52tmWsft5Myb77utIKXCs5L31+LJhAYxNgjd+KbOyKnxid6tIyIj7OJMFLKdnVUXjVmdzglodiKVH9bWHdJyDR2rOmLpbjsgfe1fJGe2/dL9EZMzVekufF1871Eg0lrstsBS3aONvQ4lo5An7Y9Is/wmU1iz1Vqah9wYaeRGuQanKm7S39c+ItM7/kEK/o+m6vqm3LEyYsZN3n9Q8t7jAqGbtUaJbCbTvjYoWjLbciK0bHBIAyZJ4jbrp0xyiYuojlbREeeE9LaPyLTSV6SU/9Z7bS+972aojgcztBr9jQbhH2ms3eIlEz7f7eqK1Za5V0u/nMKmqT3Qyf1F7KYsqEItdvlQi91v/aUDMq30oJTyj2eT+4Pvs6u22dHqnxBE92g1nIcRxPOcJvOkbq/UoSINzk+Nqw/UdIoBR9ooJfRaDh0tl/IqvW0bZKB0P3l//Xtv9H2ABwZiKJiJ2ho9Hdxra+GlRLYgXiJlcp4z2DMN6k2HD/VJTGaW7EkyrE5mu5FFq5EbnwaR6ya7iiPSX3qKruLXxJOdU09CPsyzKJGdZU9Xb9Zy7Q5iu5zI5tINv3QTRpoGBDTvBqcKILKOQKKkOYpiF9VSvkx7/n+kr/2b0p7//vtB6cM/VAOG8WA5YXwVtfhWavFZGsYdxFbqyU7CPGnfHrvHM4gT6rbWMZHvITnPUvBGKOU3SWfhUSkVfgwc+Wgec0oZL4r7bRBfIkF4hVaj8wntEFYHNIo9N9dKRGU6GE+fnMiZADhA0d8jncU3pOA/gyev43vjH+3zWpNfPjBfx2vzCaKFau088cwZwHRiW0o4+QRGRhB5m5zZS8F/R3Le28Dwr5IDv+z1v9upclzL2ahVAAAAAElFTkSuQmCC"
          />
        </div>
        <div
          class="MuiGrid-root MuiGrid-item MuiGrid-grid-xs-4"
        >
          UNI-V2[WBTC]
        </div>
        <div
          class="MuiGrid-root MuiGrid-item MuiGrid-grid-xs-3"
        />
        <div
          class="MuiGrid-root MuiGrid-item MuiGrid-grid-xs-3"
        >
          <button
            aria-label="deposit"
            class="MuiButtonBase-root MuiIconButton-root iconButton"
            tabindex="0"
            type="button"
          >
            <span
              class="MuiIconButton-label"
            >
              <svg
                aria-hidden="true"
                class="MuiSvgIcon-root"
                focusable="false"
                viewBox="0 0 24 24"
              >
                <path
                  d="M21 18v1c0 1.1-.9 2-2 2H5c-1.11 0-2-.9-2-2V5c0-1.1.89-2 2-2h14c1.1 0 2 .9 2 2v1h-9c-1.11 0-2 .9-2 2v8c0 1.1.89 2 2 2h9zm-9-2h10V8H12v8zm4-2.5c-.83 0-1.5-.67-1.5-1.5s.67-1.5 1.5-1.5 1.5.67 1.5 1.5-.67 1.5-1.5 1.5z"
                />
              </svg>
            </span>
            <span
              class="MuiTouchRipple-root"
            />
          </button>
        </div>
      </div>
      <hr
        class="MuiDivider-root"
      />
    </div>
  </div>
</body>
`;
